// Jest Snapshot v1, https://goo.gl/fbAQLP

exports[`LoginPage.vue matches the snapshot 1`] = `
<div class="login-page" data-id="login-page">
  <!-- Left Section -->
  <div class="left-section" data-id="left-section"><img src="/assets/illustration.png" alt="Collaboration Illustration" class="illustration-full" data-id="illustration"></div><!-- Right Section -->
  <div class="right-section" data-id="right-section">
    <div class="login-container" data-id="login-container"><img src="/assets/vonage-icon.jpg" alt="Vonage Logo" class="logo" data-id="logo">
      <h2 data-id="login-heading">Log in to Vonage Business Communications</h2><!-- Login Form -->
      <form data-id="login-form">
        <!-- Username Input -->
        <div class="input-group" data-id="username-input-group"><label for="username" data-id="username-label">Username</label><input id="username" data-id="username" type="text" placeholder="Enter your username">
          <!--v-if-->
        </div><!-- Password Input with Toggle -->
        <div class="input-group" data-id="password-input-group"><label for="password" data-id="password-label">Password</label>
          <div class="password-wrapper" data-id="password-wrapper"><input id="password" data-id="password" type="password" placeholder="Enter your password"><span class="toggle-password" aria-label="Show password" data-id="toggle-password"><i class="fa fa-eye-slash" data-id="password-icon"></i></span></div>
          <!--v-if-->
        </div><!-- Remember Me and Forgot Password -->
        <div class="remember-section" data-id="remember-section"><input type="checkbox" data-id="remember-me" id="rememberMe"><label for="rememberMe" data-id="remember-label">Remember me</label><a href="#" class="forgot-link" data-id="forgot-password-link"> Forgot password? </a></div><!-- Login Button --><button type="submit" class="login-button" disabled="" data-id="login-button"> Login </button><!-- Divider -->
        <div class="divider" data-id="divider"><span>OR</span></div><!-- Single Sign-On Button --><button type="button" class="sso-button" data-id="sso-button"> Log in with Single Sign-On </button>
      </form><!-- Sign Up Link -->
      <div class="signup-link" data-id="signup-link"> Don't have an account yet? <a href="/contact-us" data-id="contact-us-link">Contact us</a></div>
    </div>
  </div>
</div>
`;
